\BOOKMARK [1][-]{section.1}{}{}% 1
\BOOKMARK [1][-]{section.1}{\376\377\000I\000n\000t\000r\000o\000d\000u\000\347\000\343\000o}{}% 2
\BOOKMARK [1][-]{section.2}{\376\377\000T\000r\000a\000b\000a\000l\000h\000o\000s\000\040\000R\000e\000l\000a\000c\000i\000o\000n\000a\000d\000o\000s}{}% 3
\BOOKMARK [1][-]{section.3}{\376\377\000M\000e\000t\000o\000d\000o\000l\000o\000g\000i\000a}{}% 4
\BOOKMARK [2][-]{subsection.3.1}{\376\377\000P\000r\000o\000g\000r\000a\000m\000a\000\347\000\343\000o\000\040\000L\000i\000n\000e\000a\000r}{section.3}% 5
\BOOKMARK [3][-]{subsubsection.3.1.1}{\376\377\000P\000r\000o\000g\000r\000a\000m\000a\000\347\000\343\000o\000\040\000L\000i\000n\000e\000a\000r\000\040\000I\000n\000t\000e\000i\000r\000a}{subsection.3.1}% 6
\BOOKMARK [2][-]{subsection.3.2}{\376\377\000A\000l\000g\000o\000r\000i\000t\000m\000o\000\040\000G\000e\000n\000\351\000t\000i\000c\000o}{section.3}% 7
\BOOKMARK [3][-]{subsubsection.3.2.1}{\376\377\000A\000l\000g\000o\000r\000i\000t\000m\000o\000s\000\040\000g\000e\000n\000\351\000t\000i\000c\000o\000s\000\040\000c\000o\000m\000\040\000c\000h\000a\000v\000e\000s\000\040\000a\000l\000e\000a\000t\000\363\000r\000i\000a\000s\000\040\000e\000n\000v\000i\000e\000s\000a\000d\000a\000s}{subsection.3.2}% 8
\BOOKMARK [2][-]{subsection.3.3}{\376\377\000O\000t\000i\000m\000i\000z\000a\000d\000o\000r\000\040\000d\000e\000\040\000c\000h\000a\000v\000e\000s\000\040\000a\000l\000e\000a\000t\000\363\000r\000i\000a\000s}{section.3}% 9
\BOOKMARK [2][-]{subsection.3.4}{\376\377\000F\000o\000r\000m\000u\000l\000a\000\347\000\365\000e\000s\000\040\000m\000a\000t\000e\000m\000\341\000t\000i\000c\000a\000s\000\040\000d\000a\000\040\000l\000i\000t\000e\000r\000a\000t\000u\000r\000a}{section.3}% 10
\BOOKMARK [3][-]{subsubsection.3.4.1}{\376\377\000F\000o\000r\000m\000u\000l\000a\000\347\000\343\000o\000\040\000d\000e\000\040\000D\000e\000c\000i\000s\000\343\000o\000\040\000I\000n\000d\000i\000r\000e\000t\000a\000\040\000B\000i\000n\000\341\000r\000i\000a}{subsection.3.4}% 11
\BOOKMARK [3][-]{subsubsection.3.4.2}{\376\377\000F\000o\000r\000m\000u\000l\000a\000\347\000\343\000o\000\040\000d\000e\000\040\000D\000e\000c\000i\000s\000\343\000o\000\040\000D\000i\000r\000e\000t\000a}{subsection.3.4}% 12
\BOOKMARK [1][-]{section.4}{\376\377\000O\000b\000j\000e\000t\000i\000v\000o\000s}{}% 13
\BOOKMARK [1][-]{section.5}{\376\377\000P\000l\000a\000n\000o\000\040\000d\000e\000\040\000T\000r\000a\000b\000a\000l\000h\000o\000\040\000e\000\040\000C\000r\000o\000n\000o\000g\000r\000a\000m\000a\000\040\000d\000e\000\040\000a\000t\000i\000v\000i\000d\000a\000d\000e\000s}{}% 14
\BOOKMARK [1][-]{section.6}{\376\377\000M\000a\000t\000e\000r\000i\000a\000i\000s\000\040\000e\000\040\000M\000\351\000t\000o\000d\000o\000s}{}% 15
\BOOKMARK [1][-]{section.7}{\376\377\000F\000o\000r\000m\000a\000\040\000d\000e\000\040\000A\000n\000\341\000l\000i\000s\000e\000\040\000d\000o\000s\000\040\000R\000e\000s\000u\000l\000t\000a\000d\000o\000s}{}% 16
\BOOKMARK [1][-]{section.8}{}{}% 17
\BOOKMARK [2][-]{subsection.7.1}{}{section.8}% 18
\BOOKMARK [3][-]{subsubsection.7.0.1}{}{subsection.7.1}% 19
\BOOKMARK [2][-]{subsection.7.1}{}{section.8}% 20
\BOOKMARK [3][-]{subsubsection.7.0.1}{}{subsection.7.1}% 21
\BOOKMARK [2][-]{subsection.7.1}{}{section.8}% 22
\BOOKMARK [2][-]{subsection.7.1}{}{section.8}% 23
\BOOKMARK [3][-]{subsubsection.7.0.1}{}{subsection.7.1}% 24
\BOOKMARK [3][-]{subsubsection.7.0.1}{}{subsection.7.1}% 25
\BOOKMARK [3][-]{subsubsection.7.0.1}{}{subsection.7.1}% 26
\BOOKMARK [3][-]{subsubsection.7.0.1}{}{subsection.7.1}% 27
\BOOKMARK [1][-]{section.8}{}{}% 28
\BOOKMARK [1][-]{section.8}{}{}% 29
\BOOKMARK [1][-]{section.8}{}{}% 30
\BOOKMARK [1][-]{section.8}{}{}% 31
